// Jest Snapshot v1, https://goo.gl/fbAQLP

exports[`md-table should print MD table if getStepsTable is called with a reduced result 1`] = `
"| Step Name                      | Gather Mode | Performance | Accessibility | Best Practices | Seo | Pwa |
| :----------------------------- | :---------: | :---------: | :-----------: | :------------: | :-: | :-: |
| Navigation report (127.0.0.1/) | navigation  |      -      |      100      |       92       | 100 | 30  |
| Timespan report (127.0.0.1/)   |  timespan   |    10/11    |       -       |      5/7       |  -  |  -  |
| Snapshot report (127.0.0.1/)   |  snapshot   |    Ø 3/4    |     10/10     |      4/5       | 9/9 |  -  |"
`;

exports[`md-table should return a Md table comparing to reports if getStepsTable is passed a baseline report 1`] = `
"| Step Name                      | Gather Mode | Performance | Accessibility | Best Practices |   Seo    |   Pwa    |
| :----------------------------- | :---------: | :---------: | :-----------: | :------------: | :------: | :------: |
| Navigation report (127.0.0.1/) | navigation  |      -      |      100      |    92 (-7)     |   100    | 30 (+32) |
| Timespan report (127.0.0.1/)   |  timespan   |    10/11    |       -       |      5/7       |    -     |    -     |
| Snapshot report (127.0.0.1/)   |  snapshot   |    Ø 3/4    |  10/10 (-1)   |      4/5       | 9/9 (-1) |    -     |"
`;
